node:internal/fs/watchers:321
    const error = new UVException({
                  ^

Error: EBUSY: resource busy or locked, watch 'C:\Users\Admin\attendance-system\client\public\models\tiny_face_detector_model-weights_manifest.json'
    at FSWatcher.<computed> (node:internal/fs/watchers:321:19)
    at Object.watch (node:fs:2548:36)
    at createFsWatchInstance (file:///C:/Users/Admin/attendance-system/client/node_modules/vite/dist/node/chunks/dep-BK3b2jBa.js:42780:17)
    at setFsWatchListener (file:///C:/Users/Admin/attendance-system/client/node_modules/vite/dist/node/chunks/dep-BK3b2jBa.js:42827:15)
    at NodeFsHandler._watchWithNodeFs (file:///C:/Users/Admin/attendance-system/client/node_modules/vite/dist/node/chunks/dep-BK3b2jBa.js:42982:14)
    at NodeFsHandler._handleFile (file:///C:/Users/Admin/attendance-system/client/node_modules/vite/dist/node/chunks/dep-BK3b2jBa.js:43046:23)
    at NodeFsHandler._addToNodeFs (file:///C:/Users/Admin/attendance-system/client/node_modules/vite/dist/node/chunks/dep-BK3b2jBa.js:43288:21)
Emitted 'error' event on FSWatcher instance at:
    at FSWatcher._handleError (file:///C:/Users/Admin/attendance-system/client/node_modules/vite/dist/node/chunks/dep-BK3b2jBa.js:44481:10)
    at NodeFsHandler._addToNodeFs (file:///C:/Users/Admin/attendance-system/client/node_modules/vite/dist/node/chunks/dep-BK3b2jBa.js:43296:18) {
  errno: -4082,
  syscall: 'watch',
  code: 'EBUSY',
  path: 'C:\\Users\\Admin\\attendance-system\\client\\public\\models\\tiny_face_detector_model-weights_manifest.json',
  filename: 'C:\\Users\\Admin\\attendance-system\\client\\public\\models\\tiny_face_detector_model-weights_manifest.json'
}

Node.js v24.18.0
